// Jest Snapshot v1, https://goo.gl/fbAQLP

exports[`FilterableSearch with snapshots should render correctly 1`] = `
<div
  className="FilterableSearch"
>
  <React.Memo
    onChange={[Function]}
    onKeyDown={[Function]}
    placeholder="Search"
  />
  <SearchButton />
  <div>
    <DropdownToggle />
    <DropdownMenu
      show={false}
    />
  </div>
</div>
`;
