// Jest Snapshot v1, https://goo.gl/fbAQLP

exports[`ModalBackdrop should render without crashing 1`] = `
<CSSTransition
  classNames="modal-backdrop"
  in={true}
  onEntered={[Function]}
  onExited={[Function]}
  timeout={150}
>
  <div
    className="modal-backdrop"
  >
    <CSSTransition
      classNames="modal-backdrop__content"
      in={false}
      timeout={250}
    >
      <div
        className="modal-backdrop__content"
      >
        <div>
          Test
        </div>
      </div>
    </CSSTransition>
  </div>
</CSSTransition>
`;
