// Jest Snapshot v1, https://goo.gl/fbAQLP

exports[`Toggle rendering with defaults should render correctly 1`] = `
<div
  aria-checked={false}
  className="toggle"
  onClick={[Function]}
  onKeyPress={[Function]}
  role="checkbox"
  tabIndex={0}
>
  <div
    className="toggle__switch"
  >
    <input
      checked={false}
      className="toggle__input"
      readOnly={true}
      type="checkbox"
    />
    <span
      className="toggle__slider"
    />
  </div>
</div>
`;

exports[`Toggle rendering with props should render correctly 1`] = `
<div
  aria-checked={false}
  className="toggle"
  onClick={[Function]}
  onKeyPress={[Function]}
  role="checkbox"
  tabIndex={0}
>
  <div
    className="toggle__switch"
  >
    <input
      checked={false}
      className="toggle__input"
      readOnly={true}
      type="checkbox"
    />
    <span
      className="toggle__slider"
    />
  </div>
</div>
`;
