// Jest Snapshot v1, https://goo.gl/fbAQLP

exports[`Toggle with snapshots should render correctly 1`] = `
<Toggle
  checked={false}
  disabled={false}
  onChange={[MockFunction]}
>
  <div
    aria-checked={false}
    className="toggle"
    onClick={[Function]}
    onKeyPress={[Function]}
    role="checkbox"
    tabIndex={0}
  >
    <div
      className="toggle__switch"
    >
      <input
        checked={false}
        className="toggle__input"
        type="checkbox"
      />
      <span
        className="toggle__slider"
      />
    </div>
  </div>
</Toggle>
`;
