// Jest Snapshot v1, https://goo.gl/fbAQLP

exports[`Toggle rendering with defaults should render correctly 1`] = `
<div
  aria-checked={false}
  className="toggle"
  onClick={[Function]}
  onKeyPress={[Function]}
  role="switch"
  tabIndex={0}
>
  <input
    checked={false}
    className="toggle__input"
    disabled={false}
    readOnly={true}
    tabIndex="-1"
    type="checkbox"
  />
  <span
    aria-hidden="true"
    className="toggle__track"
  >
    <span
      className="toggle__knob"
      dangerouslySetInnerHTML={
        Object {
          "__html": null,
        }
      }
    />
  </span>
</div>
`;

exports[`Toggle rendering with props should render correctly 1`] = `
<div
  aria-checked={false}
  className="toggle"
  onClick={[Function]}
  onKeyPress={[Function]}
  role="switch"
  tabIndex={0}
>
  <input
    checked={false}
    className="toggle__input"
    disabled={false}
    readOnly={true}
    tabIndex="-1"
    type="checkbox"
  />
  <span
    aria-hidden="true"
    className="toggle__track"
  >
    <span
      className="toggle__knob"
      dangerouslySetInnerHTML={
        Object {
          "__html": null,
        }
      }
    />
  </span>
</div>
`;
