// Jest Snapshot v1, https://goo.gl/fbAQLP

exports[`RadioButton with snapshots should render correctly 1`] = `
<Radio
  checked={true}
  disabled={false}
  name="radio"
  onChange={[MockFunction]}
  value="true"
>
  <div
    aria-checked={true}
    className="radio"
    role="radio"
    tabIndex={0}
  >
    <input
      checked={true}
      className="radio__input"
      key="true"
      onClick={[Function]}
      onKeyPress={[Function]}
      readOnly={true}
      type="radio"
      value="true"
    />
  </div>
</Radio>
`;
