// Jest Snapshot v1, https://goo.gl/fbAQLP

exports[`RadioButton with snapshots should render correctly 1`] = `
<Radio
  checked={false}
  onChange={[MockFunction]}
  value="true"
>
  <div
    aria-checked={false}
    className="radio"
    role="radio"
    tabIndex={0}
  >
    <input
      checked={false}
      className="radio__input"
      key="true"
      onClick={[MockFunction]}
      onKeyPress={[MockFunction]}
      readOnly={true}
      type="radio"
      value="true"
    />
  </div>
</Radio>
`;
